2026-08-30 09:37:57,670 | ERROR    | ⚠️ Ошибка загрузки данных из Supabase: [Errno -2] Name or service not known
2026-08-30 09:37:57,988 | INFO     | ⚔️ ClanWarNotifications загружен
2026-08-30 09:37:58,688 | SUCCESS  | 🎉 Все файлы cogs успешно загружены!
2026-08-30 09:37:58,832 | CRITICAL | 🔥 Критическая ошибка при запуске: 429 Too Many Requests (error code: 0): <!doctype html>
<!--[if lt IE 7]> <html class="no-js ie6 oldie" lang="en-US"> <![endif]-->
<!--[if IE 7]>    <html class="no-js ie7 oldie" lang="en-US"> <![endif]-->
<!--[if IE 8]>    <html class="no-js ie8 oldie" lang="en-US"> <![endif]-->
<!--[if gt IE 8]><!-->
<html class="no-js" lang="en-US">
    <!--<![endif]-->
    <head>
        <title>Access denied | discord.com used Cloudflare to restrict access | discord.com | Cloudflare</title>
        <meta charset="UTF-8" />
<meta http-equiv="Content-Type" content="text/html; charset=UTF-8" />
<meta http-equiv="X-UA-Compatible" content="IE=Edge" />
<meta name="robots" content="noindex, nofollow" />
<meta name="viewport" content="width=device-width,initial-scale=1" />
<link rel="stylesheet" id="cf_styles-css" href="/cdn-cgi/styles/main.css" /> <script>
  (function(){if(document.addEventListener&&window.XMLHttpRequest&&JSON&&JSON.stringify){var e=function(a){var c=document.getElementById("error-feedback-survey"),d=document.getElementById("error-feedback-success"),b=new XMLHttpRequest;a={event:"feedback clicked",properties:{errorCode: 1015 },helpful:a,version: 1 };b.open("POST","https://sparrow.cloudflare.com/api/v1/event");b.setRequestHeader("Content-Type","application/json");b.setRequestHeader("Sparrow-Source-Key","c771f0e4b54944bebf4261d44bd79a1e");
b.send(JSON.stringify(a));c.classList.add("feedback-hidden");d.classList.remove("feedback-hidden")};document.addEventListener("DOMContentLoaded",function(){var a=document.getElementById("error-feedback"),c=document.getElementById("feedback-button-yes"),d=document.getElementById("feedback-button-no");"classList"in a&&(a.classList.remove("feedback-hidden"),c.addEventListener("click",function(){e(!0)}),d.addEventListener("click",function(){e(!1)}))})}})();
</script>
        <script
            defer
            src="https://performance.radar.cloudflare.com/beacon.js"
        ></script>
    </head>
    <body>
        <div id="cf-wrapper">
            <div
                class="cf-alert cf-alert-error cf-cookie-error hidden"
                id="cookie-alert"
                data-translate="enable_cookies"
            >
                Please enable cookies.
            </div>
            <div id="cf-error-details" class="p-0">
                <header
                    class="mx-auto pt-10 lg:pt-6 lg:px-8 w-240 lg:w-full mb-15 antialiased"
                >
                    <h1
                        class="inline-block md:block mr-2 md:mb-2 font-light text-60 md:text-3xl text-black-dark leading-tight"
                    >
                        <span data-translate="error">Error</span>
                        <span>1015</span>
                    </h1>
                    <span
                        class="inline-block md:block heading-ray-id font-mono text-15 lg:text-sm lg:leading-relaxed"
                        >Ray ID: a333d9929e4ac109 &bull;</span
                    >
                    <span
                        class="inline-block md:block heading-ray-id font-mono text-15 lg:text-sm lg:leading-relaxed"
                        >2026-08-30 12:37:58 UTC</span
                    >
                    <h2
                        class="text-gray-600 leading-1.3 text-3xl lg:text-2xl font-light"
                    >
                        You are being rate limited
                    </h2>
                </header>
                
                
                <section class="w-240 lg:w-full mx-auto mb-8 lg:px-8">
                    <div id="what-happened-section" class="w-1/2 md:w-full">
                        <h2
                            class="text-3xl leading-tight font-normal mb-4 text-black-dark antialiased"
                            data-translate="what_happened"
                        >
                            What happened?
                        </h2>
                        
                            <p>The owner of this website (discord.com) has banned you temporarily from accessing this website.</p>
                        
                        
                        <p>
                            Please see
                            <a
                                rel="noopener noreferrer"
                                href="https://developers.cloudflare.com/support/troubleshooting/http-status-codes/cloudflare-1xxx-errors/error-1015/"
                                target="_blank"
                                >https://developers.cloudflare.com/support/troubleshooting/http-status-codes/cloudflare-1xxx-errors/error-1015/</a
                            >
                            for more details.
                        </p>
                        
                    </div>

                    
                </section>
                

                <div class="feedback-hidden py-8 text-center" id="error-feedback">
    <div id="error-feedback-survey" class="footer-line-wrapper">
        Was this page helpful?
        <button
            class="border border-solid bg-white cf-button cursor-pointer ml-4 px-4 py-2 rounded"
            id="feedback-button-yes"
            type="button"
        >
            Yes
        </button>
        <button
            class="border border-solid bg-white cf-button cursor-pointer ml-4 px-4 py-2 rounded"
            id="feedback-button-no"
            type="button"
        >
            No
        </button>
    </div>
    <div class="feedback-success feedback-hidden" id="error-feedback-success">
        Thank you for your feedback!
    </div>
</div> <div class="cf-error-footer cf-wrapper w-240 lg:w-full py-10 sm:py-4 sm:px-8 mx-auto text-center sm:text-left border-solid border-0 border-t border-gray-300">
    <p class="text-13">
      <span class="cf-footer-item sm:block sm:mb-1">Cloudflare Ray ID: <strong class="font-semibold">a333d9929e4ac109</strong></span>
      <span class="cf-footer-separator sm:hidden">&bull;</span>
      <span id="cf-footer-item-ip" class="cf-footer-item hidden sm:block sm:mb-1">
        Your IP:
        <button type="button" id="cf-footer-ip-reveal" class="cf-footer-ip-reveal-btn">Click to reveal</button>
        <span class="hidden" id="cf-footer-ip">51.79.97.91</span>
        <span class="cf-footer-separator sm:hidden">&bull;</span>
      </span>
      <span class="cf-footer-item sm:block sm:mb-1"><span>Performance &amp; security by</span> <a rel="noopener noreferrer" href="https://www.cloudflare.com/5xx-error-landing" id="brand_link" target="_blank">Cloudflare</a></span>
      
    </p>
    <script>(function(){function d(){var b=a.getElementById("cf-footer-item-ip"),c=a.getElementById("cf-footer-ip-reveal");b&&"classList"in b&&(b.classList.remove("hidden"),c.addEventListener("click",function(){c.classList.add("hidden");a.getElementById("cf-footer-ip").classList.remove("hidden")}))}var a=document;document.addEventListener&&a.addEventListener("DOMContentLoaded",d)})();</script>
  </div><!-- /.error-footer -->
            </div>
            <!-- /#cf-error-details -->
        </div>
        <!-- /#cf-wrapper -->

         <script>
    window._cf_translation = {};
    
    
  </script> 
        
    <script>(function(){function c(){var b=a.contentDocument||(a.contentWindow&&a.contentWindow.document);if(b){var d=b.createElement('script');d.innerHTML="window.__CF$cv$params={r:'a333d9929e4ac109',t:'MTc4ODA5MzQ3OA=='};var a=document.createElement('script');a.src='/cdn-cgi/challenge-platform/scripts/jsd/main.js';document.getElementsByTagName('head')[0].appendChild(a);";b.getElementsByTagName('head')[0].appendChild(d)}}if(document.body){var a=document.createElement('iframe');a.height=1;a.width=1;a.style.position='absolute';a.style.top=0;a.style.left=0;a.style.border='none';a.style.visibility='hidden';document.body.appendChild(a);if('loading'!==document.readyState)c();else if(window.addEventListener)document.addEventListener('DOMContentLoaded',c);else{var e=document.onreadystatechange||function(){};document.onreadystatechange=function(b){e(b);'loading'!==document.readyState&&(document.onreadystatechange=e,c())}}}})();</script></body>
</html>
2026-08-30 09:37:59,171 | ERROR    | Unclosed connector
connections: ['deque([(<aiohttp.client_proto.ResponseHandler object at 0x7f6797e6c820>, 913186.064163442)])']
connector: <aiohttp.connector.TCPConnector object at 0x7f6797dc2a50>
2026-08-30 13:03:11,352 | ERROR    | ⚠️ Ошибка загрузки данных из Supabase: [Errno -2] Name or service not known
2026-08-30 13:03:11,485 | INFO     | ⚔️ ClanWarNotifications загружен
2026-08-30 13:03:12,098 | SUCCESS  | 🎉 Все файлы cogs успешно загружены!
2026-08-30 13:03:15,283 | SUCCESS  | 🤖 Бот `Void Sentinel#5662` успешно запущен (ID: 1230464176745480254)
2026-08-30 13:03:15,284 | INFO     | 🛡 Сервер: Legion Of The Damned | ID: 828749346505490503 | Участников: 54
2026-08-30 13:03:15,284 | INFO     | 🛡 Сервер: Space_Marine 2RU | ID: 1118852004786225192 | Участников: 250
2026-08-30 13:03:15,284 | INFO     | 🛡 Сервер: winie's server | ID: 1335265286198263848 | Участников: 46
2026-08-30 14:54:41,071 | SUCCESS  | Создан временный войс: - |🔊Вокс [LOTD] UA_FiliN_🔊| - (69_filin_69)
2026-08-30 14:54:57,502 | SUCCESS  | Удалён пустой войс: 1543680372062167110
2026-08-30 18:32:40,740 | INFO     | robot30005952 (877082456006737960) вышел [kick]
2026-08-30 18:32:41,226 | INFO     | Webhook создан: 💬чат-канал💬 (1400948760632098816)
2026-08-30 18:32:41,348 | INFO     | ✅ Уход robot30005952 (877082456006737960) [kick]
2026-08-30 18:32:41,544 | INFO     | Webhook удалён: 💬чат-канал💬 (1400948760632098816)
2026-08-30 18:32:51,074 | INFO     | dnka2 (350258783634718720) вышел [kick]
2026-08-30 18:32:51,291 | INFO     | Webhook создан: 💬чат-канал💬 (1400948760632098816)
2026-08-30 18:32:51,460 | INFO     | ✅ Уход dnka2 (350258783634718720) [kick]
2026-08-30 18:32:51,748 | INFO     | Webhook удалён: 💬чат-канал💬 (1400948760632098816)
2026-08-30 18:32:56,860 | INFO     | leo_ratron (1391191428876599416) вышел [kick]
2026-08-30 18:32:57,554 | INFO     | Webhook создан: 💬чат-канал💬 (1400948760632098816)
2026-08-30 18:32:57,668 | INFO     | ✅ Уход leo_ratron (1391191428876599416) [kick]
2026-08-30 18:32:57,916 | INFO     | Webhook удалён: 💬чат-канал💬 (1400948760632098816)
2026-08-30 18:33:55,342 | INFO     | _.4_4_4_4._ (1389312935335038996) вышел [kick]
2026-08-30 18:33:55,562 | INFO     | Webhook создан: 💬чат-канал💬 (1400948760632098816)
2026-08-30 18:33:55,740 | INFO     | ✅ Уход _.4_4_4_4._ (1389312935335038996) [kick]
2026-08-30 18:33:56,074 | INFO     | Webhook удалён: 💬чат-канал💬 (1400948760632098816)
2026-08-30 18:34:13,175 | INFO     | gfire36_13005 (1163535523881693214) вышел [kick]
2026-08-30 18:34:13,481 | INFO     | Webhook создан: 💬чат-канал💬 (1400948760632098816)
2026-08-30 18:34:13,642 | INFO     | ✅ Уход gfire36_13005 (1163535523881693214) [kick]
2026-08-30 18:34:13,810 | INFO     | Webhook удалён: 💬чат-канал💬 (1400948760632098816)
2026-08-30 18:40:05,820 | INFO     | zockyi_panosik (1084029149259243551) вышел [kick]
2026-08-30 18:40:06,328 | INFO     | Webhook создан: 💬чат-канал💬 (1400948760632098816)
2026-08-30 18:40:06,468 | INFO     | ✅ Уход zockyi_panosik (1084029149259243551) [kick]
2026-08-30 18:40:06,709 | INFO     | Webhook удалён: 💬чат-канал💬 (1400948760632098816)
2026-08-30 19:34:33,959 | INFO     | zockyi_panosik (1084029149259243551) зашёл на сервер Legion Of The Damned
2026-08-30 19:34:34,314 | INFO     | Webhook создан: 💬чат-канал💬 (1400948760632098816)
2026-08-30 19:34:34,436 | INFO     | ✅ Отправлено приветствие zockyi_panosik (1084029149259243551)
2026-08-30 19:34:34,636 | INFO     | Webhook удалён: 💬чат-канал💬 (1400948760632098816)
2026-08-30 20:30:05,284 | INFO     | 📊 DM 2026-08-30 | sent=0 failed=0
2026-08-30 20:50:05,287 | INFO     | 📊 DM 2026-08-30 | sent=0 failed=0
2026-08-30 21:00:05,291 | INFO     | 📊 DM 2026-08-30 | sent=0 failed=0
