2026-07-24 18:09:14,807 | ERROR    | ⚠️ Ошибка загрузки данных из Supabase: [Errno -2] Name or service not known
2026-07-24 18:09:14,968 | INFO     | ⚔️ ClanWarNotifications загружен
2026-07-24 18:09:15,356 | SUCCESS  | 🎉 Все файлы cogs успешно загружены!
2026-07-24 18:09:19,162 | SUCCESS  | 🤖 Бот `Void Sentinel#5662` успешно запущен (ID: 1230464176745480254)
2026-07-24 18:09:19,162 | INFO     | 🛡 Сервер: Legion Of The Damned | ID: 828749346505490503 | Участников: 63
2026-07-24 18:09:19,163 | INFO     | 🛡 Сервер: Space_Marine 2RU | ID: 1118852004786225192 | Участников: 251
2026-07-24 18:09:19,163 | INFO     | 🛡 Сервер: winie's server | ID: 1335265286198263848 | Участников: 47
2026-07-24 18:09:19,163 | INFO     | 🛡 Сервер: Тест сервер | ID: 1448692483054632982 | Участников: 4
2026-07-24 18:09:33,680 | WARNING  | 🛑 Запуск остановлен вручную.
2026-07-24 18:10:22,876 | ERROR    | ⚠️ Ошибка загрузки данных из Supabase: [Errno -2] Name or service not known
2026-07-24 18:10:22,952 | INFO     | ⚔️ ClanWarNotifications загружен
2026-07-24 18:10:23,115 | SUCCESS  | 🎉 Все файлы cogs успешно загружены!
2026-07-24 18:10:26,885 | SUCCESS  | 🤖 Бот `Void Sentinel#5662` успешно запущен (ID: 1230464176745480254)
2026-07-24 18:10:26,886 | INFO     | 🛡 Сервер: Legion Of The Damned | ID: 828749346505490503 | Участников: 63
2026-07-24 18:10:26,886 | INFO     | 🛡 Сервер: Space_Marine 2RU | ID: 1118852004786225192 | Участников: 251
2026-07-24 18:10:26,886 | INFO     | 🛡 Сервер: winie's server | ID: 1335265286198263848 | Участников: 47
2026-07-24 18:10:26,887 | INFO     | 🛡 Сервер: Тест сервер | ID: 1448692483054632982 | Участников: 4
2026-07-24 18:11:53,361 | WARNING  | Роль 1418038359129063585 не найдена на Тест сервер
2026-07-24 19:28:55,903 | INFO     | _gottlieb_ (443089560428347402) зашёл на сервер Legion Of The Damned
2026-07-24 19:28:56,406 | INFO     | Webhook создан: 💬чат-канал💬 (1400948760632098816)
2026-07-24 19:28:56,702 | INFO     | ✅ Отправлено приветствие _gottlieb_ (443089560428347402)
2026-07-24 19:28:57,018 | INFO     | Webhook удалён: 💬чат-канал💬 (1400948760632098816)
2026-07-24 19:29:12,155 | INFO     | ЛС отправлено GottLieb
2026-07-24 19:48:51,096 | INFO     | .ksyushenka (613462734272594064) зашёл на сервер Legion Of The Damned
2026-07-24 19:48:51,674 | INFO     | Webhook создан: 💬чат-канал💬 (1400948760632098816)
2026-07-24 19:48:52,006 | INFO     | ✅ Отправлено приветствие .ksyushenka (613462734272594064)
2026-07-24 19:48:52,289 | INFO     | Webhook удалён: 💬чат-канал💬 (1400948760632098816)
2026-07-24 19:49:12,940 | INFO     | ЛС отправлено Л
2026-07-24 20:09:52,659 | INFO     | ghost_raily (1353415066543718421) зашёл на сервер Legion Of The Damned
2026-07-24 20:09:53,164 | INFO     | Webhook создан: 💬чат-канал💬 (1400948760632098816)
2026-07-24 20:09:54,740 | INFO     | ✅ Отправлено приветствие ghost_raily (1353415066543718421)
2026-07-24 20:09:55,041 | INFO     | Webhook удалён: 💬чат-канал💬 (1400948760632098816)
2026-07-24 20:10:34,599 | INFO     | ЛС отправлено alina | Егор
2026-07-24 20:30:06,896 | INFO     | 📊 DM 2026-07-24 | sent=0 failed=0
2026-07-24 20:50:06,896 | INFO     | 📊 DM 2026-07-24 | sent=0 failed=0
2026-07-24 20:55:30,068 | INFO     | .persona99 (1015645949730762762) зашёл на сервер Legion Of The Damned
2026-07-24 20:55:30,580 | INFO     | Webhook создан: 💬чат-канал💬 (1400948760632098816)
2026-07-24 20:55:30,817 | INFO     | ✅ Отправлено приветствие .persona99 (1015645949730762762)
2026-07-24 20:55:31,194 | INFO     | Webhook удалён: 💬чат-канал💬 (1400948760632098816)
2026-07-24 20:55:49,135 | INFO     | ЛС отправлено Persona99
2026-07-24 21:00:06,890 | INFO     | 📊 DM 2026-07-24 | sent=0 failed=0
