2026-10-10 00:18:32,667 | SUCCESS  | Stalzone: токен получен
2026-10-10 00:22:21,719 | SUCCESS  | Stalzone: токен получен
2026-10-10 00:30:28,701 | INFO     | 🚨 Новый выброс [SEA]: 2026-10-09T21:29:03Z
2026-10-10 00:30:29,316 | SUCCESS  | Алерт [SEA] отправлен
2026-10-10 02:42:28,795 | INFO     | 🚨 Новый выброс [EU]: 2026-10-09T23:41:11Z
2026-10-10 02:42:29,213 | SUCCESS  | Алерт [EU] отправлен
2026-10-10 03:18:27,976 | INFO     | 🚨 Новый выброс [SEA]: 2026-10-10T00:17:53Z
2026-10-10 03:18:28,400 | SUCCESS  | Алерт [SEA] отправлен
2026-10-10 03:32:16,269 | INFO     | /помощь | kraken_5491 (818235533602848768) | Legion Of The Damned (828749346505490503)
2026-10-10 03:32:27,159 | SUCCESS  | TempVoice: создан - |🔊Вокс [LOTD] Kraken_5491🔊| - (id=1558275988612321282) для kraken_5491 (818235533602848768)
2026-10-10 03:32:32,183 | SUCCESS  | TempVoice: удалён пустой канал (id=1558275988612321282)
2026-10-10 03:34:12,991 | INFO     | /статус [Fire Citadel] | kraken_5491 (818235533602848768)
2026-10-10 03:34:13,001 | WARNING  | [Fire Citadel] della-ways.tun.ply.gg:25565 недоступен
2026-10-10 03:34:13,461 | INFO     | /статус [Fire Citadel] → offline (0/1 online)
2026-10-10 03:34:18,864 | INFO     | /статус [Celestial Knight] | kraken_5491 (818235533602848768)
2026-10-10 03:34:19,850 | WARNING  | [Celestial Knight] performers-saturation.tun.ply.gg:25565 недоступен
2026-10-10 03:34:20,715 | WARNING  | [Celestial Knight] yellow-begins.gl.joinmc.link:25565 недоступен
2026-10-10 03:34:21,016 | INFO     | /статус [Celestial Knight] → offline (0/2 online)
2026-10-10 03:34:52,277 | INFO     | 📩 КНБ: дуэль создана [rps-558179d1] | kraken_5491 (818235533602848768) вызывает Void Sentinel#5662 (1230464176745480254)
2026-10-10 03:34:54,215 | SUCCESS  | [rps-558179d1] 🎮 игра началась
2026-10-10 03:34:56,247 | INFO     | [rps-558179d1] ✋ kraken_5491 (818235533602848768) выбрал: камень
2026-10-10 03:34:56,247 | SUCCESS  | [rps-558179d1] 🏆 победитель: kraken_5491 (818235533602848768)
2026-10-10 03:35:08,319 | INFO     | 🎲 Монетка: kraken_5491 (818235533602848768) вызывает Void Sentinel#5662 (1230464176745480254), vs_bot=True, guild=828749346505490503
2026-10-10 03:35:08,319 | INFO     | 🎲 Монетка: создана игра kraken_5491 (818235533602848768) vs Void Sentinel#5662 (1230464176745480254) vs_bot=True
2026-10-10 03:35:11,200 | SUCCESS  | 🎲 Монетка: победил kraken_5491 (818235533602848768), результат=орёл
2026-10-10 03:35:40,179 | INFO     | ClanInfo: /состав_клана | kraken_5491 (818235533602848768) | guild=828749346505490503 | бойцов=42, командование=6, отрядов=5, орден=2, гильдия=3, undefined=15
2026-10-10 05:12:27,747 | INFO     | 🚨 Новый выброс [EU]: 2026-10-10T02:12:11Z
2026-10-10 05:12:28,409 | SUCCESS  | Алерт [EU] отправлен
2026-10-10 06:42:27,781 | INFO     | 🚨 Новый выброс [SEA]: 2026-10-10T03:42:03Z
2026-10-10 06:42:28,283 | SUCCESS  | Алерт [SEA] отправлен
2026-10-10 08:16:27,847 | INFO     | 🚨 Новый выброс [EU]: 2026-10-10T05:15:11Z
2026-10-10 08:16:28,492 | SUCCESS  | Алерт [EU] отправлен
2026-10-10 09:26:27,426 | INFO     | 🚨 Новый выброс [SEA]: 2026-10-10T06:26:03Z
2026-10-10 09:26:27,989 | SUCCESS  | Алерт [SEA] отправлен
2026-10-10 11:34:28,479 | INFO     | 🚨 Новый выброс [EU]: 2026-10-10T08:34:11Z
2026-10-10 11:34:29,134 | SUCCESS  | Алерт [EU] отправлен
2026-10-10 11:47:59,722 | INFO     | /статус [Celestial Knight] | kraken_5491 (818235533602848768)
2026-10-10 11:48:00,589 | WARNING  | [Celestial Knight] performers-saturation.tun.ply.gg:25565 недоступен
2026-10-10 11:48:01,544 | WARNING  | [Celestial Knight] yellow-begins.gl.joinmc.link:25565 недоступен
2026-10-10 11:48:02,092 | INFO     | /статус [Celestial Knight] → offline (0/2 online)
2026-10-10 12:10:46,448 | INFO     | /статус [Celestial Knight] | kraken_5491 (818235533602848768)
2026-10-10 12:10:47,207 | WARNING  | [Celestial Knight] performers-saturation.tun.ply.gg:25565 недоступен
2026-10-10 12:10:47,892 | WARNING  | [Celestial Knight] yellow-begins.gl.joinmc.link:25565 недоступен
2026-10-10 12:10:48,240 | INFO     | /статус [Celestial Knight] → offline (0/2 online)
2026-10-10 12:32:27,903 | INFO     | 🚨 Новый выброс [SEA]: 2026-10-10T09:30:53Z
2026-10-10 12:32:28,550 | SUCCESS  | Алерт [SEA] отправлен
2026-10-10 13:51:56,629 | INFO     | 📂 Загружено 3 категорий из data\server_info.json
2026-10-10 13:52:02,223 | INFO     | kraken_5491 (818235533602848768) выбрал категорию '🛡 Кланы и отделы сервера'
2026-10-10 13:53:24,201 | WARNING  | folkop.3333376 (1038050688023932959) попытался использовать чужое меню Info
2026-10-10 13:53:37,487 | INFO     | kraken_5491 (818235533602848768) выбрал категорию '💤 Система АФК'
2026-10-10 13:54:44,180 | INFO     | kraken_5491 (818235533602848768) выбрал категорию '⚔️ Расписание КВ'
2026-10-10 14:14:27,870 | INFO     | 🚨 Новый выброс [EU]: 2026-10-10T11:13:51Z
2026-10-10 14:14:28,602 | SUCCESS  | Алерт [EU] отправлен
2026-10-10 15:44:28,109 | INFO     | 🚨 Новый выброс [SEA]: 2026-10-10T12:43:43Z
2026-10-10 15:44:28,637 | SUCCESS  | Алерт [SEA] отправлен
2026-10-10 16:46:28,722 | INFO     | 🚨 Новый выброс [EU]: 2026-10-10T13:44:31Z
2026-10-10 16:46:29,128 | SUCCESS  | Алерт [EU] отправлен
2026-10-10 17:45:28,422 | INFO     | 👋 tefa6767676767 (1555546404422815827) зашёл на Legion Of The Damned (828749346505490503)
2026-10-10 17:45:29,019 | INFO     | Webhook создан: #💬чат-канал💬 (1400948760632098816)
2026-10-10 17:45:29,272 | INFO     | ✅ Приветствие отправлено: tefa6767676767 (1555546404422815827)
2026-10-10 17:45:29,858 | INFO     | Webhook удалён: #💬чат-канал💬 (1400948760632098816)
2026-10-10 17:47:58,292 | INFO     | 📩 Заявка [STALZONE] начата: tefa6767676767 (1555546404422815827)
2026-10-10 17:48:13,775 | DEBUG    | [STALZONE] Ответ: SanekinggFAN
2026-10-10 17:48:19,772 | DEBUG    | [STALZONE] Ответ: киев
2026-10-10 17:48:25,542 | DEBUG    | [STALZONE] Ответ: 2к+
2026-10-10 17:48:35,074 | DEBUG    | [STALZONE] Ответ: ноу нейм кланы с ру
2026-10-10 17:48:52,324 | DEBUG    | [STALZONE] Ответ: гильзы опыт в клан варах победы
2026-10-10 17:49:03,607 | DEBUG    | [STALZONE] Ответ: найти команду для побед
2026-10-10 17:49:08,277 | DEBUG    | [STALZONE] Ответ: нормалды
2026-10-10 17:49:10,074 | INFO     | 📨 Заявка [STALZONE] отправлена: tefa6767676767 (игровой ник: SanekinggFAN)
2026-10-10 17:49:49,957 | INFO     | Ник изменён: tefa6767676767 -> [LOTD] SanekinggFAN
2026-10-10 17:49:50,838 | INFO     | Заявка [STALZONE] одобрена: tefa6767676767
2026-10-10 18:32:28,051 | INFO     | 🚨 Новый выброс [SEA]: 2026-10-10T15:31:23Z
2026-10-10 18:32:28,386 | SUCCESS  | Алерт [SEA] отправлен
2026-10-10 20:10:28,903 | INFO     | 🚨 Новый выброс [EU]: 2026-10-10T17:10:01Z
2026-10-10 20:10:29,478 | SUCCESS  | Алерт [EU] отправлен
2026-10-10 20:30:05,701 | INFO     | 📣 КВ: рассылка события start (2026-10-10)
2026-10-10 20:30:05,702 | INFO     | 📊 КВ: DM 2026-10-10 | sent=0 failed=0 | text='⚔️ Сетка КВ началась!'
2026-10-10 20:49:01,723 | INFO     | /статус [Celestial Knight] | killer_quin1 (840537513101099029)
2026-10-10 20:49:02,554 | WARNING  | [Celestial Knight] performers-saturation.tun.ply.gg:25565 недоступен
2026-10-10 20:49:03,368 | WARNING  | [Celestial Knight] yellow-begins.gl.joinmc.link:25565 недоступен
2026-10-10 20:49:03,697 | INFO     | /статус [Celestial Knight] → offline (0/2 online)
2026-10-10 20:50:05,696 | INFO     | 📣 КВ: рассылка события warn (2026-10-10)
2026-10-10 20:50:05,697 | INFO     | 📊 КВ: DM 2026-10-10 | sent=0 failed=0 | text='⏳ До КВ осталось 10 минут!'
2026-10-10 21:00:05,702 | INFO     | 📣 КВ: рассылка события go (2026-10-10)
2026-10-10 21:00:05,703 | INFO     | 📊 КВ: DM 2026-10-10 | sent=0 failed=0 | text='🔥 КВ НАЧАЛОСЬ!'
2026-10-10 21:20:28,514 | INFO     | 🚨 Новый выброс [SEA]: 2026-10-10T18:18:53Z
2026-10-10 21:20:28,972 | SUCCESS  | Алерт [SEA] отправлен
2026-10-10 23:38:28,064 | INFO     | 🚨 Новый выброс [EU]: 2026-10-10T20:37:51Z
2026-10-10 23:38:28,944 | SUCCESS  | Алерт [EU] отправлен
