2026-07-23 00:26:14,291 | ERROR    | ⚠️ Ошибка загрузки данных из Supabase: [Errno -2] Name or service not known
2026-07-23 00:26:14,870 | INFO     | ⚔️ ClanWarNotifications загружен
2026-07-23 00:26:14,922 | SUCCESS  | 🎉 Все файлы cogs успешно загружены!
2026-07-23 00:26:18,268 | SUCCESS  | 🤖 Бот `Void Sentinel#5662` успешно запущен (ID: 1230464176745480254)
2026-07-23 00:26:18,269 | INFO     | 🛡 Сервер: Legion Of The Damned | ID: 828749346505490503 | Участников: 60
2026-07-23 00:26:18,269 | INFO     | 🛡 Сервер: Space_Marine 2RU | ID: 1118852004786225192 | Участников: 251
2026-07-23 00:26:18,270 | INFO     | 🛡 Сервер: winie's server | ID: 1335265286198263848 | Участников: 47
2026-07-23 00:26:18,270 | INFO     | 🛡 Сервер: Тест сервер | ID: 1448692483054632982 | Участников: 4
2026-07-23 00:28:50,135 | WARNING  | 🛑 Запуск остановлен вручную.
2026-07-23 00:29:29,203 | ERROR    | ⚠️ Ошибка загрузки данных из Supabase: [Errno -2] Name or service not known
2026-07-23 00:29:29,762 | INFO     | ⚔️ ClanWarNotifications загружен
2026-07-23 00:29:29,815 | SUCCESS  | 🎉 Все файлы cogs успешно загружены!
2026-07-23 00:29:33,684 | SUCCESS  | 🤖 Бот `Void Sentinel#5662` успешно запущен (ID: 1230464176745480254)
2026-07-23 00:29:33,684 | INFO     | 🛡 Сервер: Legion Of The Damned | ID: 828749346505490503 | Участников: 60
2026-07-23 00:29:33,685 | INFO     | 🛡 Сервер: Space_Marine 2RU | ID: 1118852004786225192 | Участников: 251
2026-07-23 00:29:33,685 | INFO     | 🛡 Сервер: winie's server | ID: 1335265286198263848 | Участников: 47
2026-07-23 00:29:33,685 | INFO     | 🛡 Сервер: Тест сервер | ID: 1448692483054632982 | Участников: 4
2026-07-23 00:30:19,096 | WARNING  | 🛑 Запуск остановлен вручную.
2026-07-23 00:35:59,760 | ERROR    | ⚠️ Ошибка загрузки данных из Supabase: [Errno -2] Name or service not known
2026-07-23 00:36:00,465 | INFO     | ⚔️ ClanWarNotifications загружен
2026-07-23 00:36:00,517 | SUCCESS  | 🎉 Все файлы cogs успешно загружены!
2026-07-23 00:36:04,473 | SUCCESS  | 🤖 Бот `Void Sentinel#5662` успешно запущен (ID: 1230464176745480254)
2026-07-23 00:36:04,474 | INFO     | 🛡 Сервер: Legion Of The Damned | ID: 828749346505490503 | Участников: 60
2026-07-23 00:36:04,475 | INFO     | 🛡 Сервер: Space_Marine 2RU | ID: 1118852004786225192 | Участников: 251
2026-07-23 00:36:04,476 | INFO     | 🛡 Сервер: winie's server | ID: 1335265286198263848 | Участников: 47
2026-07-23 00:36:04,476 | INFO     | 🛡 Сервер: Тест сервер | ID: 1448692483054632982 | Участников: 4
2026-07-23 00:37:10,690 | WARNING  | 🛑 Запуск остановлен вручную.
