2026-10-08 14:43:05,411 | SUCCESS  | 🎉 Все файлы cogs успешно загружены!
2026-10-08 14:43:10,436 | SUCCESS  | 🤖 Бот `Void Sentinel#5662` успешно запущен (ID: 1230464176745480254)
2026-10-08 14:43:10,449 | INFO     | 🛡 Сервер: Legion Of The Damned | ID: 828749346505490503 | Участников: 64
2026-10-08 14:43:10,449 | INFO     | 🛡 Сервер: Space_Marine 2RU | ID: 1118852004786225192 | Участников: 246
2026-10-08 14:43:10,450 | INFO     | 🛡 Сервер: winie's server | ID: 1335265286198263848 | Участников: 44
2026-10-08 15:09:44,956 | INFO     | h1zelllll (1248625776153067585) зашёл на сервер Legion Of The Damned
2026-10-08 15:09:47,045 | INFO     | Webhook создан: 💬чат-канал💬 (1400948760632098816)
2026-10-08 15:09:47,330 | INFO     | ✅ Отправлено приветствие h1zelllll (1248625776153067585)
2026-10-08 15:09:47,641 | INFO     | Webhook удалён: 💬чат-канал💬 (1400948760632098816)
2026-10-08 15:10:06,804 | INFO     | ЛС отправлено Saka
2026-10-08 15:12:44,855 | INFO     | 📩 Заявка [STALZONE] начата: h1zelllll (1248625776153067585)
2026-10-08 15:14:02,052 | DEBUG    | [STALZONE] Ответ: Radiationnnnn
2026-10-08 15:14:18,139 | DEBUG    | [STALZONE] Ответ: Киев
2026-10-08 15:14:30,525 | DEBUG    | [STALZONE] Ответ: 230
2026-10-08 15:14:40,571 | DEBUG    | [STALZONE] Ответ: Night Mist
2026-10-08 15:16:05,053 | DEBUG    | [STALZONE] Ответ: поиск тимейтов, развивание навыков пвп
2026-10-08 15:17:02,273 | DEBUG    | [STALZONE] Ответ: не знаю
2026-10-08 15:17:09,624 | DEBUG    | [STALZONE] Ответ: позитивно
2026-10-08 15:17:11,094 | INFO     | 📨 Заявка [STALZONE] отправлена: h1zelllll
2026-10-08 15:17:17,578 | INFO     | Заявка [STALZONE] одобрена: h1zelllll
2026-10-08 18:55:50,359 | INFO     | adersedik (262708328696643589) зашёл на сервер Legion Of The Damned
2026-10-08 18:55:50,927 | INFO     | Webhook создан: 💬чат-канал💬 (1400948760632098816)
2026-10-08 18:55:51,156 | INFO     | ✅ Отправлено приветствие adersedik (262708328696643589)
2026-10-08 18:55:51,471 | INFO     | Webhook удалён: 💬чат-канал💬 (1400948760632098816)
2026-10-08 18:56:05,562 | INFO     | ЛС отправлено Blomoh
2026-10-08 18:59:41,438 | INFO     | 📩 Заявка [STALZONE] начата: adersedik (262708328696643589)
2026-10-08 18:59:56,547 | DEBUG    | [STALZONE] Ответ: SlavaMou
2026-10-08 19:00:05,684 | DEBUG    | [STALZONE] Ответ: +3
2026-10-08 19:00:30,552 | DEBUG    | [STALZONE] Ответ: 5000+
2026-10-08 19:00:36,570 | DEBUG    | [STALZONE] Ответ: Albora
2026-10-08 19:00:55,254 | DEBUG    | [STALZONE] Ответ: Коллектив, пвп, фарм
2026-10-08 19:02:16,751 | DEBUG    | [STALZONE] Ответ: Кувалда, сыграная пачка в клане, в игре же развить стабильно высокий уровень игры для личного комфорта
2026-10-08 19:02:24,031 | DEBUG    | [STALZONE] Ответ: хорошо
2026-10-08 19:02:25,617 | INFO     | 📨 Заявка [STALZONE] отправлена: adersedik
2026-10-08 19:03:01,305 | INFO     | Заявка [STALZONE] одобрена: adersedik
2026-10-08 19:15:19,225 | INFO     | cha_nk (964065366143811595) зашёл на сервер Legion Of The Damned
2026-10-08 19:15:19,639 | INFO     | Webhook создан: 💬чат-канал💬 (1400948760632098816)
2026-10-08 19:15:19,924 | INFO     | ✅ Отправлено приветствие cha_nk (964065366143811595)
2026-10-08 19:15:20,276 | INFO     | Webhook удалён: 💬чат-канал💬 (1400948760632098816)
2026-10-08 19:15:59,361 | INFO     | ЛС отправлено Ridix7878
2026-10-08 19:19:55,533 | INFO     | 📩 Заявка [STALZONE] начата: cha_nk (964065366143811595)
2026-10-08 19:20:10,305 | DEBUG    | [STALZONE] Ответ: Gabol_Ua
2026-10-08 19:20:42,328 | DEBUG    | [STALZONE] Ответ: +3
2026-10-08 19:20:51,719 | DEBUG    | [STALZONE] Ответ: 131
2026-10-08 19:21:06,148 | DEBUG    | [STALZONE] Ответ: некаких
2026-10-08 19:21:42,173 | DEBUG    | [STALZONE] Ответ: найти союзників
2026-10-08 19:22:28,750 | DEBUG    | [STALZONE] Ответ: не знаю
2026-10-08 19:22:59,304 | DEBUG    | [STALZONE] Ответ: нормально
2026-10-08 19:23:00,833 | INFO     | 📨 Заявка [STALZONE] отправлена: cha_nk
2026-10-08 19:23:44,360 | INFO     | Заявка [STALZONE] одобрена: cha_nk
2026-10-08 20:30:03,084 | INFO     | 📊 DM 2026-10-08 | sent=2 failed=0 | text=⚔️ Сетка КВ началась!
2026-10-08 20:32:13,833 | INFO     | sigthin_9001 (699363828793606230) зашёл на сервер Legion Of The Damned
2026-10-08 20:32:14,351 | INFO     | Webhook создан: 💬чат-канал💬 (1400948760632098816)
2026-10-08 20:32:14,662 | INFO     | ✅ Отправлено приветствие sigthin_9001 (699363828793606230)
2026-10-08 20:32:14,972 | INFO     | Webhook удалён: 💬чат-канал💬 (1400948760632098816)
2026-10-08 20:34:31,405 | INFO     | 📩 Заявка [STALZONE] начата: sigthin_9001 (699363828793606230)
2026-10-08 20:34:31,683 | WARNING  | DM закрыт: sigthin_9001
2026-10-08 20:35:08,257 | INFO     | 📩 Заявка [STALZONE] начата: sigthin_9001 (699363828793606230)
2026-10-08 20:35:22,718 | DEBUG    | [STALZONE] Ответ: MoreShinesPlease
2026-10-08 20:35:36,235 | DEBUG    | [STALZONE] Ответ: +2
2026-10-08 20:35:44,483 | DEBUG    | [STALZONE] Ответ: 574
2026-10-08 20:35:56,924 | DEBUG    | [STALZONE] Ответ: ALBO
2026-10-08 20:36:01,497 | DEBUG    | [STALZONE] Ответ: кв
2026-10-08 20:36:08,472 | DEBUG    | [STALZONE] Ответ: побольше сывороткі
2026-10-08 20:36:29,404 | DEBUG    | [STALZONE] Ответ: дружественная атмосфера +, подколы -
2026-10-08 20:36:31,284 | INFO     | 📨 Заявка [STALZONE] отправлена: sigthin_9001
2026-10-08 20:41:14,240 | INFO     | Заявка [STALZONE] одобрена: sigthin_9001
2026-10-08 20:50:02,800 | INFO     | 📊 DM 2026-10-08 | sent=2 failed=0 | text=⏳ До КВ осталось 10 минут!
2026-10-08 21:00:02,516 | INFO     | 📊 DM 2026-10-08 | sent=2 failed=0 | text=🔥 КВ НАЧАЛОСЬ!
