2026-10-06 14:35:41,243 | INFO     | 🎮 RPS-ког инициализирован
2026-10-06 14:35:41,251 | SUCCESS  | 🎉 Все файлы cogs успешно загружены!
2026-10-06 14:35:44,755 | SUCCESS  | 🤖 Бот `Void Sentinel#5662` успешно запущен (ID: 1230464176745480254)
2026-10-06 14:35:44,758 | INFO     | 🛡 Сервер: Legion Of The Damned | ID: 828749346505490503 | Участников: 69
2026-10-06 14:35:44,763 | INFO     | 🛡 Сервер: Space_Marine 2RU | ID: 1118852004786225192 | Участников: 247
2026-10-06 14:35:44,763 | INFO     | 🛡 Сервер: winie's server | ID: 1335265286198263848 | Участников: 44
2026-10-06 14:43:44,064 | INFO     | didi_kot (523076592176594944) вышел [kick]
2026-10-06 14:43:44,591 | INFO     | Webhook создан: 💬чат-канал💬 (1400948760632098816)
2026-10-06 14:43:44,962 | INFO     | ✅ Уход didi_kot (523076592176594944) [kick]
2026-10-06 14:43:45,350 | INFO     | Webhook удалён: 💬чат-канал💬 (1400948760632098816)
2026-10-06 14:44:23,897 | INFO     | sosok_osla1339 (1254406433705955371) вышел [kick]
2026-10-06 14:44:24,527 | INFO     | Webhook создан: 💬чат-канал💬 (1400948760632098816)
2026-10-06 14:44:24,983 | INFO     | ✅ Уход sosok_osla1339 (1254406433705955371) [kick]
2026-10-06 14:44:25,415 | INFO     | Webhook удалён: 💬чат-канал💬 (1400948760632098816)
2026-10-06 14:44:30,212 | INFO     | kaizen009370 (1231324807753240757) вышел [kick]
2026-10-06 14:44:30,714 | INFO     | Webhook создан: 💬чат-канал💬 (1400948760632098816)
2026-10-06 14:44:31,027 | INFO     | ✅ Уход kaizen009370 (1231324807753240757) [kick]
2026-10-06 14:44:31,539 | INFO     | Webhook удалён: 💬чат-канал💬 (1400948760632098816)
2026-10-06 18:08:18,091 | INFO     | strachuk777 (1384169253980213390) зашёл на сервер Legion Of The Damned
2026-10-06 18:08:18,852 | INFO     | Webhook создан: 💬чат-канал💬 (1400948760632098816)
2026-10-06 18:08:19,152 | INFO     | ✅ Отправлено приветствие strachuk777 (1384169253980213390)
2026-10-06 18:08:19,445 | INFO     | Webhook удалён: 💬чат-канал💬 (1400948760632098816)
2026-10-06 18:08:56,462 | INFO     | ЛС отправлено Ziker_
2026-10-06 20:30:06,289 | INFO     | 📊 DM 2026-10-06 | sent=1 failed=0 | text=⚔️ Сетка КВ началась!
2026-10-06 20:50:05,761 | INFO     | 📊 DM 2026-10-06 | sent=1 failed=0 | text=⏳ До КВ осталось 10 минут!
2026-10-06 21:00:05,847 | INFO     | 📊 DM 2026-10-06 | sent=1 failed=0 | text=🔥 КВ НАЧАЛОСЬ!
2026-10-06 22:00:58,618 | INFO     | dovabrias (697696711564591134) вышел [leave]
2026-10-06 22:00:59,168 | INFO     | Webhook создан: 💬чат-канал💬 (1400948760632098816)
2026-10-06 22:00:59,590 | INFO     | ✅ Уход dovabrias (697696711564591134) [leave]
2026-10-06 22:00:59,948 | INFO     | Webhook удалён: 💬чат-канал💬 (1400948760632098816)
